{"ts":"2026-05-16T00:06:12.818Z","event":"engine.start","skip_completed_on_retry":true}
{"ts":"2026-05-16T00:06:12.823Z","event":"triage.start","count":3}
{"ts":"2026-05-16T00:10:28.508Z","event":"triage.raw.ok","raw_id":"refl-0080-cycle-0080-commit-title-describes-featur","children":["refl-0080-cycle-0080-commit-title-describes-featur"]}
{"ts":"2026-05-16T00:17:14.467Z","event":"triage.raw.ok","raw_id":"refl-0080-cycle-0080-empty-diff-guard-never-implem","children":["refl-0080-cycle-0080-empty-diff-guard-never-implem-apply-fix-md-tasks"]}
{"ts":"2026-05-16T00:20:40.207Z","event":"triage.raw.ok","raw_id":"refl-0080-quickfix-workflow-step-order-has-no-pinn","children":["refl-0080-quickfix-workflow-step-order-has-no-pinn"]}
{"ts":"2026-05-16T00:20:40.208Z","event":"triage.end","processed":3,"failed":0}
{"ts":"2026-05-16T00:20:40.212Z","event":"issue.ingested","issue_id":"refl-0078-cycle-0078-fix-never-applied-reflection","path":"/Users/timothyjohnson/wrk/cycle/docs/cycle/issues/todo/refl-0078-cycle-0078-fix-never-applied-reflection.md"}
{"ts":"2026-05-16T00:20:40.223Z","event":"cycle.start","cycle_id":"0081","workflow":"feature","title":"Apply the reflection-before-commit reorder that cycle 0078 failed to execute","issue_id":"refl-0078-cycle-0078-fix-never-applied-reflection"}
{"ts":"2026-05-16T00:20:40.223Z","event":"step.start","cycle_id":"0081","step":"spec","agent":"claudecode"}
{"ts":"2026-05-16T00:21:11.167Z","event":"step.end","cycle_id":"0081","step":"spec","status":"ok","exit_code":0}
{"ts":"2026-05-16T00:21:11.168Z","event":"step.start","cycle_id":"0081","step":"research","agent":"claudecode"}
{"ts":"2026-05-16T00:22:15.199Z","event":"step.end","cycle_id":"0081","step":"research","status":"ok","exit_code":0}
{"ts":"2026-05-16T00:22:15.199Z","event":"step.start","cycle_id":"0081","step":"plan","agent":"claudecode"}
{"ts":"2026-05-16T00:23:28.940Z","event":"step.end","cycle_id":"0081","step":"plan","status":"ok","exit_code":0}
{"ts":"2026-05-16T00:23:28.941Z","event":"step.start","cycle_id":"0081","step":"build","agent":"claudecode"}
{"ts":"2026-05-16T00:24:33.421Z","event":"step.end","cycle_id":"0081","step":"build","status":"ok","exit_code":0}
{"ts":"2026-05-16T00:24:33.421Z","event":"step.start","cycle_id":"0081","step":"review","agent":"claudecode"}
{"ts":"2026-05-16T00:27:59.358Z","event":"step.end","cycle_id":"0081","step":"review","status":"ok","exit_code":0}
{"ts":"2026-05-16T00:27:59.359Z","event":"step.start","cycle_id":"0081","step":"fix","agent":"claudecode"}
{"ts":"2026-05-16T00:29:02.759Z","event":"step.end","cycle_id":"0081","step":"fix","status":"ok","exit_code":0}
{"ts":"2026-05-16T00:29:02.759Z","event":"step.start","cycle_id":"0081","step":"verify","agent":"bash"}
{"ts":"2026-05-16T00:29:25.481Z","event":"step.end","cycle_id":"0081","step":"verify","status":"ok","exit_code":0}
{"ts":"2026-05-16T00:29:25.482Z","event":"step.start","cycle_id":"0081","step":"commit","agent":"bash"}
