{"ts":"2026-06-01T22:56:47.965Z","event":"engine.start","skip_completed_on_retry":true}
{"ts":"2026-06-01T22:56:47.989Z","event":"triage.start","count":3}
{"ts":"2026-06-01T22:57:28.021Z","event":"triage.raw.ok","raw_id":"txt-20260601-220000-noop-already-satisfied-rejection-path","children":["txt-20260601-220000-noop-already-satisfied-rejection-path"]}
{"ts":"2026-06-01T22:57:47.351Z","event":"triage.raw.ok","raw_id":"txt-20260601-220001-touched-json-resumed-verify-builds","children":["txt-20260601-220001-touched-json-resumed-verify-builds"]}
{"ts":"2026-06-01T22:58:13.256Z","event":"triage.raw.ok","raw_id":"txt-20260601-223000-upgrade-preserve-user-config","children":["txt-20260601-223000-upgrade-preserve-user-config"]}
{"ts":"2026-06-01T22:58:13.264Z","event":"triage.end","processed":3,"failed":0}
{"ts":"2026-06-01T22:58:15.466Z","event":"engine.warning","reason":"resume_row_mismatch","cycle_id":"0028","issue_id":"txt-20260601-203000-noop-already-satisfied-rejection-path-noop-already-satisfied-rejection","row_status":"missing","row_cycle_id":null}
{"ts":"2026-06-01T22:58:15.475Z","event":"issue.ingested","issue_id":"txt-20260601-223000-upgrade-preserve-user-config","path":"/mnt/c/Users/butters/wrk/cycle/docs/cycle/issues/todo/txt-20260601-223000-upgrade-preserve-user-config.md"}
{"ts":"2026-06-01T22:58:15.547Z","event":"cycle.start","cycle_id":"0029","workflow":"feature","title":"Add a `cycle upgrade` command that preserves user config by default with per-category overwrite flags","issue_id":"txt-20260601-223000-upgrade-preserve-user-config"}
{"ts":"2026-06-01T22:58:15.552Z","event":"step.start","cycle_id":"0029","step":"spec","agent":"claudecode"}
{"ts":"2026-06-01T22:59:23.554Z","event":"step.completion_check","cycle_id":"0029","step":"spec","artifact":"/mnt/c/Users/butters/wrk/cycle/docs/cycle/0029-feature-add-a-cycle-upgrade-command-that-preserv/SPEC.md","status":"pass"}
{"ts":"2026-06-01T22:59:23.556Z","event":"step.end","cycle_id":"0029","step":"spec","status":"ok","exit_code":0,"duration_ms":68004}
{"ts":"2026-06-01T22:59:23.558Z","event":"step.start","cycle_id":"0029","step":"research","agent":"claudecode"}
{"ts":"2026-06-01T23:01:13.390Z","event":"step.completion_check","cycle_id":"0029","step":"research","artifact":"/mnt/c/Users/butters/wrk/cycle/docs/cycle/0029-feature-add-a-cycle-upgrade-command-that-preserv/RESEARCH.md","status":"pass"}
{"ts":"2026-06-01T23:01:13.391Z","event":"step.end","cycle_id":"0029","step":"research","status":"ok","exit_code":0,"duration_ms":109833}
{"ts":"2026-06-01T23:01:13.393Z","event":"step.start","cycle_id":"0029","step":"plan","agent":"claudecode"}
{"ts":"2026-06-01T23:03:41.798Z","event":"step.completion_check","cycle_id":"0029","step":"plan","artifact":"/mnt/c/Users/butters/wrk/cycle/docs/cycle/0029-feature-add-a-cycle-upgrade-command-that-preserv/PLAN.md","status":"pass"}
{"ts":"2026-06-01T23:03:41.800Z","event":"step.end","cycle_id":"0029","step":"plan","status":"ok","exit_code":0,"duration_ms":148407}
{"ts":"2026-06-01T23:03:41.802Z","event":"step.start","cycle_id":"0029","step":"build","agent":"claudecode"}
{"ts":"2026-06-01T23:18:36.579Z","event":"step.completion_check","cycle_id":"0029","step":"build","artifact":"/mnt/c/Users/butters/wrk/cycle/docs/cycle/0029-feature-add-a-cycle-upgrade-command-that-preserv/BUILD.md","status":"pass"}
{"ts":"2026-06-01T23:18:38.784Z","event":"step.end","cycle_id":"0029","step":"build","status":"ok","exit_code":0,"duration_ms":896982}
{"ts":"2026-06-01T23:18:38.786Z","event":"step.start","cycle_id":"0029","step":"review","agent":"claudecode"}
{"ts":"2026-06-01T23:29:01.209Z","event":"step.completion_check","cycle_id":"0029","step":"review","artifact":"/mnt/c/Users/butters/wrk/cycle/docs/cycle/0029-feature-add-a-cycle-upgrade-command-that-preserv/REVIEW.md","status":"pass"}
{"ts":"2026-06-01T23:29:01.211Z","event":"step.end","cycle_id":"0029","step":"review","status":"ok","exit_code":0,"duration_ms":622425}
{"ts":"2026-06-01T23:29:01.215Z","event":"step.end","cycle_id":"0029","step":"fix","status":"skipped","reason":"skip_unless_artifact_missing","artifact":"MUST-FIX.md","duration_ms":2}
{"ts":"2026-06-01T23:29:01.217Z","event":"step.start","cycle_id":"0029","step":"verify","agent":"bash"}
{"ts":"2026-06-01T23:31:35.058Z","event":"step.end","cycle_id":"0029","step":"verify","status":"failed","exit_code":1,"duration_ms":153841,"stderr":"","stdout":"\n> @cycleai/cli@0.1.10 pretest\n> node scripts/build.mjs\n\n\n> @cycleai/cli@0.1.10 test\n> node --test --experimental-strip-types --test-reporter=spec\n\n✔ dist/cycle.js has shebang and executable bit (55.614461ms)\n✔ (a) no orphans: empty array, exit 0 (316.349514ms)\n✔ (b) orphan retained under --dry-run, deleted under --yes (602.759262ms)\n✔ (c) in_progress row protects matching branch (411.234523ms)\n✔ (d) HEAD is cycle/* branch: refuse, exit non-zero (316.886728ms)\n✔ (e) dirty working tree: refuse without --force (413.645849ms)\n✔ runCliCleanupWithDeps: unknown flag -> exit 1 (0.542708ms)\n✔ runCliCleanupWithDeps: dirty tree without --force -> exit 1 (0.262863ms)\n✔ runCliCleanupWithDeps: no branches -> empty array dry-run (0.239639ms)\n✔ runCliCleanupWithDeps: HEAD is orphan -> exit 1 (0.413326ms)\n✔ runCliCleanupWithDeps: --yes deletes orphan and calls emitCleanupDeleted (0.723758ms)\n✔ runCliCleanupWithDeps: dry-run with orphan branch lists it with null cycle_id (0.419878ms)\n✔ runCliCleanupWithDeps: in_progress row with resolved todo protects branch (6.469267ms)\n✔ runCliCleanup: real wrapper returns exit 0 with empty orphan list in clean repo (152.715343ms)\n✔ rewrites an allowlisted read command (1.653547ms)\n✔ passes through a command with shell operators (0.331048ms)\n✔ passes through a non-allowlisted binary (0.450417ms)\n✔ passes through (with diagnostic) when command is missing (0.371653ms)\n✔ passes through (with diagnostic) when command is not a string (0.263524ms)\n✔ fails open (with diagnostic) on malformed JSON (0.258254ms)\n✔ fails open (with diagnostic) on empty stdin (0.518309ms)\n✔ the catch and non-string diagnostics are distinct messages (0.468902ms)\n✔ loops over odd inputs and never blocks (0.499565ms)\n✔ above-threshold stdout is filtered (head + tail + marker); exit code propagated (3.689597ms)\n✔ below-threshold stdout passes through verbatim, exit 0 (0.471747ms)\n✔ non-zero child exit is propagated and child stderr is preserved (not dropped) (2.262997ms)\n✔ error…","stdout_artifact":"/mnt/c/Users/butters/wrk/cycle/docs/cycle/0029-feature-add-a-cycle-upgrade-command-that-preserv/verify.out"}
{"ts":"2026-06-01T23:31:35.060Z","event":"cycle.end","cycle_id":"0029","status":"failed","failing_step":"verify"}
{"ts":"2026-06-01T23:31:35.116Z","event":"cycle.checkout","cycle_id":"0029","status":"skipped","base":"master","head_before":"master","reason":"trunk"}
{"ts":"2026-06-01T23:31:35.991Z","event":"cycle.base_pull","cycle_id":"0029","status":"ok","base":"master","sha_before":"d3a2de8aca34c6fd7f96d8fa06f5d404fdaaa87e","sha_after":"d3a2de8aca34c6fd7f96d8fa06f5d404fdaaa87e"}
{"ts":"2026-06-01T23:31:36.008Z","event":"queue.drained","cycle_id":"0029","issue_id":"txt-20260601-223000-upgrade-preserve-user-config","outcome":"retry"}
{"ts":"2026-06-01T23:31:36.010Z","event":"issue.failed","issue_id":"txt-20260601-223000-upgrade-preserve-user-config","failing_step":"verify"}
{"ts":"2026-06-01T23:31:36.026Z","event":"triage.start","count":1}
{"ts":"2026-06-01T23:32:33.741Z","event":"triage.raw.ok","raw_id":"txt-20260601-230000-cross-platform-wsl-powershell","children":["txt-20260601-230000-cross-platform-wsl-powershell-preflight","txt-20260601-230000-cross-platform-wsl-powershell-shell-abstraction","txt-20260601-230000-cross-platform-wsl-powershell-setup-docs"]}
{"ts":"2026-06-01T23:32:33.748Z","event":"triage.end","processed":1,"failed":0}
{"ts":"2026-06-01T23:32:33.751Z","event":"issue.ingested","issue_id":"txt-20260601-223000-upgrade-preserve-user-config","path":"/mnt/c/Users/butters/wrk/cycle/docs/cycle/issues/todo/txt-20260601-223000-upgrade-preserve-user-config.md"}
{"ts":"2026-06-01T23:32:33.827Z","event":"cycle.start","cycle_id":"0029","workflow":"feature","title":"Add a `cycle upgrade` command that preserves user config by default with per-category overwrite flags","issue_id":"txt-20260601-223000-upgrade-preserve-user-config"}
{"ts":"2026-06-01T23:32:33.837Z","event":"step.skipped","cycle_id":"0029","step":"spec","reason":"artifact_present","artifact_path":"/mnt/c/Users/butters/wrk/cycle/docs/cycle/0029-feature-add-a-cycle-upgrade-command-that-preserv/SPEC.md"}
{"ts":"2026-06-01T23:32:33.841Z","event":"step.skipped","cycle_id":"0029","step":"research","reason":"artifact_present","artifact_path":"/mnt/c/Users/butters/wrk/cycle/docs/cycle/0029-feature-add-a-cycle-upgrade-command-that-preserv/RESEARCH.md"}
{"ts":"2026-06-01T23:32:33.846Z","event":"step.skipped","cycle_id":"0029","step":"plan","reason":"artifact_present","artifact_path":"/mnt/c/Users/butters/wrk/cycle/docs/cycle/0029-feature-add-a-cycle-upgrade-command-that-preserv/PLAN.md"}
{"ts":"2026-06-01T23:32:33.848Z","event":"step.start","cycle_id":"0029","step":"build","agent":"claudecode"}
{"ts":"2026-06-02T00:04:02.537Z","event":"step.completion_check","cycle_id":"0029","step":"build","artifact":"/mnt/c/Users/butters/wrk/cycle/docs/cycle/0029-feature-add-a-cycle-upgrade-command-that-preserv/BUILD.md","status":"pass"}
{"ts":"2026-06-02T00:04:04.426Z","event":"step.end","cycle_id":"0029","step":"build","status":"ok","exit_code":0,"duration_ms":1890578}
{"ts":"2026-06-02T00:04:04.428Z","event":"step.start","cycle_id":"0029","step":"review","agent":"claudecode"}
{"ts":"2026-06-02T00:06:24.045Z","event":"step.completion_check","cycle_id":"0029","step":"review","artifact":"/mnt/c/Users/butters/wrk/cycle/docs/cycle/0029-feature-add-a-cycle-upgrade-command-that-preserv/REVIEW.md","status":"pass"}
{"ts":"2026-06-02T00:06:24.047Z","event":"step.end","cycle_id":"0029","step":"review","status":"ok","exit_code":0,"duration_ms":139619}
{"ts":"2026-06-02T00:06:24.050Z","event":"step.end","cycle_id":"0029","step":"fix","status":"skipped","reason":"skip_unless_artifact_missing","artifact":"MUST-FIX.md","duration_ms":2}
{"ts":"2026-06-02T00:06:24.052Z","event":"step.start","cycle_id":"0029","step":"verify","agent":"bash"}
{"ts":"2026-06-02T00:08:57.169Z","event":"step.end","cycle_id":"0029","step":"verify","status":"failed","exit_code":1,"duration_ms":153117,"stderr":"","stdout":"\n> @cycleai/cli@0.1.10 pretest\n> node scripts/build.mjs\n\n\n> @cycleai/cli@0.1.10 test\n> node --test --experimental-strip-types --test-reporter=spec\n\n✔ dist/cycle.js has shebang and executable bit (46.194542ms)\n✔ (a) no orphans: empty array, exit 0 (297.868482ms)\n✔ (b) orphan retained under --dry-run, deleted under --yes (563.265325ms)\n✔ (c) in_progress row protects matching branch (398.956066ms)\n✔ (d) HEAD is cycle/* branch: refuse, exit non-zero (304.861401ms)\n✔ (e) dirty working tree: refuse without --force (390.447378ms)\n✔ runCliCleanupWithDeps: unknown flag -> exit 1 (0.674348ms)\n✔ runCliCleanupWithDeps: dirty tree without --force -> exit 1 (0.282256ms)\n✔ runCliCleanupWithDeps: no branches -> empty array dry-run (0.296654ms)\n✔ runCliCleanupWithDeps: HEAD is orphan -> exit 1 (0.398042ms)\n✔ runCliCleanupWithDeps: --yes deletes orphan and calls emitCleanupDeleted (0.507006ms)\n✔ runCliCleanupWithDeps: dry-run with orphan branch lists it with null cycle_id (0.34344ms)\n✔ runCliCleanupWithDeps: in_progress row with resolved todo protects branch (10.593024ms)\n✔ runCliCleanup: real wrapper returns exit 0 with empty orphan list in clean repo (143.61412ms)\n✔ rewrites an allowlisted read command (1.86087ms)\n✔ passes through a command with shell operators (0.294449ms)\n✔ passes through a non-allowlisted binary (0.151874ms)\n✔ passes through (with diagnostic) when command is missing (0.350073ms)\n✔ passes through (with diagnostic) when command is not a string (0.163355ms)\n✔ fails open (with diagnostic) on malformed JSON (0.209441ms)\n✔ fails open (with diagnostic) on empty stdin (0.247201ms)\n✔ the catch and non-string diagnostics are distinct messages (0.229498ms)\n✔ loops over odd inputs and never blocks (0.318985ms)\n✔ above-threshold stdout is filtered (head + tail + marker); exit code propagated (3.499536ms)\n✔ below-threshold stdout passes through verbatim, exit 0 (0.510371ms)\n✔ non-zero child exit is propagated and child stderr is preserved (not dropped) (2.137008ms)\n✔ error-p…","stdout_artifact":"/mnt/c/Users/butters/wrk/cycle/docs/cycle/0029-feature-add-a-cycle-upgrade-command-that-preserv/verify.out"}
{"ts":"2026-06-02T00:08:57.171Z","event":"cycle.end","cycle_id":"0029","status":"failed","failing_step":"verify"}
{"ts":"2026-06-02T00:08:57.227Z","event":"cycle.checkout","cycle_id":"0029","status":"skipped","base":"master","head_before":"master","reason":"trunk"}
{"ts":"2026-06-02T00:08:58.095Z","event":"cycle.base_pull","cycle_id":"0029","status":"ok","base":"master","sha_before":"bd2392335ecde7b9d3947610c1ed63054fbf8eeb","sha_after":"bd2392335ecde7b9d3947610c1ed63054fbf8eeb"}
{"ts":"2026-06-02T00:08:58.110Z","event":"queue.drained","cycle_id":"0029","issue_id":"txt-20260601-223000-upgrade-preserve-user-config","outcome":"retry"}
{"ts":"2026-06-02T00:08:58.112Z","event":"issue.failed","issue_id":"txt-20260601-223000-upgrade-preserve-user-config","failing_step":"verify"}
{"ts":"2026-06-02T00:08:58.132Z","event":"triage.start","count":2}
{"ts":"2026-06-02T00:09:32.165Z","event":"triage.raw.ok","raw_id":"txt-20260601-234500-port-failed-residue-dirty-worktree-guard","children":["txt-20260601-234500-port-failed-residue-dirty-worktree-guard"]}
{"ts":"2026-06-02T00:10:23.173Z","event":"triage.raw.ok","raw_id":"txt-20260602-000000-containerized-step-execution","children":["txt-20260602-000000-containerized-step-execution"]}
{"ts":"2026-06-02T00:10:23.181Z","event":"triage.end","processed":2,"failed":0}
{"ts":"2026-06-02T00:10:23.184Z","event":"issue.ingested","issue_id":"txt-20260601-223000-upgrade-preserve-user-config","path":"/mnt/c/Users/butters/wrk/cycle/docs/cycle/issues/todo/txt-20260601-223000-upgrade-preserve-user-config.md"}
{"ts":"2026-06-02T00:10:23.260Z","event":"cycle.start","cycle_id":"0029","workflow":"feature","title":"Add a `cycle upgrade` command that preserves user config by default with per-category overwrite flags","issue_id":"txt-20260601-223000-upgrade-preserve-user-config"}
{"ts":"2026-06-02T00:10:23.269Z","event":"step.skipped","cycle_id":"0029","step":"spec","reason":"artifact_present","artifact_path":"/mnt/c/Users/butters/wrk/cycle/docs/cycle/0029-feature-add-a-cycle-upgrade-command-that-preserv/SPEC.md"}
{"ts":"2026-06-02T00:10:23.274Z","event":"step.skipped","cycle_id":"0029","step":"research","reason":"artifact_present","artifact_path":"/mnt/c/Users/butters/wrk/cycle/docs/cycle/0029-feature-add-a-cycle-upgrade-command-that-preserv/RESEARCH.md"}
{"ts":"2026-06-02T00:10:23.278Z","event":"step.skipped","cycle_id":"0029","step":"plan","reason":"artifact_present","artifact_path":"/mnt/c/Users/butters/wrk/cycle/docs/cycle/0029-feature-add-a-cycle-upgrade-command-that-preserv/PLAN.md"}
{"ts":"2026-06-02T00:10:23.280Z","event":"step.start","cycle_id":"0029","step":"build","agent":"claudecode"}
