{"ts":"2026-06-06T22:44:30.361Z","event":"engine.start","skip_completed_on_retry":true}
{"ts":"2026-06-06T22:44:30.458Z","event":"engine.preflight.ok","checks":3}
{"ts":"2026-06-06T22:44:30.501Z","event":"triage.start","count":2}
{"ts":"2026-06-06T22:44:53.297Z","event":"triage.raw.ok","raw_id":"feat-cycle-doctor-command","children":["feat-cycle-doctor-command"]}
{"ts":"2026-06-06T22:45:22.670Z","event":"triage.raw.ok","raw_id":"feat-per-step-timeout-override","children":["feat-per-step-timeout-override"]}
{"ts":"2026-06-06T22:45:22.687Z","event":"triage.end","processed":2,"failed":0}
{"ts":"2026-06-06T22:45:22.742Z","event":"issue.ingested","issue_id":"feat-per-step-timeout-override","path":"/mnt/c/Users/butters/wrk/cycle/docs/cycle/issues/todo/feat-per-step-timeout-override.md"}
{"ts":"2026-06-06T22:45:22.904Z","event":"cycle.start","cycle_id":"0262","workflow":"feature","title":"Per-step and per-workflow timeout_ms override","issue_id":"feat-per-step-timeout-override"}
{"ts":"2026-06-06T22:45:22.915Z","event":"step.start","cycle_id":"0262","step":"spec","agent":"claudecode"}
{"ts":"2026-06-06T22:46:29.141Z","event":"step.completion_check","cycle_id":"0262","step":"spec","artifact":"/mnt/c/Users/butters/wrk/cycle/docs/cycle/0262-feature-per-step-and-per-workflow-timeout-ms-ove/SPEC.md","status":"pass"}
{"ts":"2026-06-06T22:46:29.144Z","event":"step.end","cycle_id":"0262","step":"spec","status":"ok","exit_code":0,"duration_ms":66229}
{"ts":"2026-06-06T22:46:29.145Z","event":"step.start","cycle_id":"0262","step":"research","agent":"claudecode"}
{"ts":"2026-06-06T22:48:51.276Z","event":"step.completion_check","cycle_id":"0262","step":"research","artifact":"/mnt/c/Users/butters/wrk/cycle/docs/cycle/0262-feature-per-step-and-per-workflow-timeout-ms-ove/RESEARCH.md","status":"pass"}
{"ts":"2026-06-06T22:48:51.282Z","event":"step.end","cycle_id":"0262","step":"research","status":"ok","exit_code":0,"duration_ms":142137}
{"ts":"2026-06-06T22:48:51.284Z","event":"step.start","cycle_id":"0262","step":"plan","agent":"claudecode"}
{"ts":"2026-06-06T22:51:16.064Z","event":"step.completion_check","cycle_id":"0262","step":"plan","artifact":"/mnt/c/Users/butters/wrk/cycle/docs/cycle/0262-feature-per-step-and-per-workflow-timeout-ms-ove/PLAN.md","status":"pass"}
{"ts":"2026-06-06T22:51:16.066Z","event":"step.end","cycle_id":"0262","step":"plan","status":"ok","exit_code":0,"duration_ms":144782}
{"ts":"2026-06-06T22:51:16.068Z","event":"step.start","cycle_id":"0262","step":"build","agent":"claudecode"}
{"ts":"2026-06-06T23:16:20.202Z","event":"step.completion_check","cycle_id":"0262","step":"build","artifact":"/mnt/c/Users/butters/wrk/cycle/docs/cycle/0262-feature-per-step-and-per-workflow-timeout-ms-ove/BUILD.md","status":"pass"}
{"ts":"2026-06-06T23:16:25.757Z","event":"step.end","cycle_id":"0262","step":"build","status":"ok","exit_code":0,"duration_ms":1509689}
{"ts":"2026-06-06T23:16:25.761Z","event":"step.start","cycle_id":"0262","step":"review","agent":"claudecode"}
{"ts":"2026-06-06T23:32:19.410Z","event":"step.completion_check","cycle_id":"0262","step":"review","artifact":"/mnt/c/Users/butters/wrk/cycle/docs/cycle/0262-feature-per-step-and-per-workflow-timeout-ms-ove/REVIEW.md","status":"pass"}
{"ts":"2026-06-06T23:32:19.412Z","event":"step.end","cycle_id":"0262","step":"review","status":"ok","exit_code":0,"duration_ms":953651}
{"ts":"2026-06-06T23:32:19.417Z","event":"step.end","cycle_id":"0262","step":"fix","status":"skipped","reason":"skip_unless_artifact_missing","artifact":"MUST-FIX.md","duration_ms":2}
{"ts":"2026-06-06T23:32:19.420Z","event":"step.start","cycle_id":"0262","step":"verify","agent":"bash"}
{"ts":"2026-06-06T23:35:28.220Z","event":"step.end","cycle_id":"0262","step":"verify","status":"ok","exit_code":0,"duration_ms":188800}
{"ts":"2026-06-06T23:35:28.222Z","event":"step.start","cycle_id":"0262","step":"reflection","agent":"claudecode"}
{"ts":"2026-06-06T23:36:18.712Z","event":"reflection.summary","cycle_id":"0262","count":0,"skipped":0,"fix_now":0,"cap_dropped":0,"dedup_skipped":0}
{"ts":"2026-06-06T23:36:18.714Z","event":"step.end","cycle_id":"0262","step":"reflection","status":"ok","exit_code":0,"duration_ms":50492}
{"ts":"2026-06-06T23:36:18.718Z","event":"step.end","cycle_id":"0262","step":"final_fix","status":"skipped","reason":"skip_unless_artifact_missing","artifact":"FINAL_FIXES.md","duration_ms":2}
{"ts":"2026-06-06T23:36:18.720Z","event":"step.start","cycle_id":"0262","step":"final_verify","agent":"bash"}
{"ts":"2026-06-06T23:39:41.449Z","event":"step.end","cycle_id":"0262","step":"final_verify","status":"ok","exit_code":0,"duration_ms":202729}
{"ts":"2026-06-06T23:39:41.451Z","event":"step.start","cycle_id":"0262","step":"documentation","agent":"claudecode"}
{"ts":"2026-06-06T23:40:38.873Z","event":"step.completion_check","cycle_id":"0262","step":"documentation","artifact":"/mnt/c/Users/butters/wrk/cycle/docs/cycle/0262-feature-per-step-and-per-workflow-timeout-ms-ove/DOCUMENTATION.md","status":"pass"}
{"ts":"2026-06-06T23:40:40.543Z","event":"step.end","cycle_id":"0262","step":"documentation","status":"ok","exit_code":0,"duration_ms":59092}
{"ts":"2026-06-06T23:40:40.546Z","event":"step.end","cycle_id":"0262","step":"walkthrough_capture","status":"skipped","reason":"walkthrough_hook_absent","duration_ms":0}
{"ts":"2026-06-06T23:40:40.548Z","event":"cycle.end","cycle_id":"0262","status":"ok"}
{"ts":"2026-06-06T23:40:40.615Z","event":"cycle.checkout","cycle_id":"0262","status":"skipped","base":"master","head_before":"master","reason":"trunk"}
{"ts":"2026-06-06T23:40:41.611Z","event":"cycle.base_pull","cycle_id":"0262","status":"ok","base":"master","sha_before":"65559c8659c07183bad4ac262e1c433a8fb70a78","sha_after":"65559c8659c07183bad4ac262e1c433a8fb70a78"}
{"ts":"2026-06-06T23:40:53.206Z","event":"queue.drained","cycle_id":"0262","issue_id":"feat-per-step-timeout-override","outcome":"ok"}
{"ts":"2026-06-06T23:40:53.222Z","event":"issue.ingested","issue_id":"feat-cycle-doctor-command","path":"/mnt/c/Users/butters/wrk/cycle/docs/cycle/issues/todo/feat-cycle-doctor-command.md"}
{"ts":"2026-06-06T23:40:53.301Z","event":"cycle.start","cycle_id":"0263","workflow":"feature","title":"cycle doctor — on-demand preflight / environment check command","issue_id":"feat-cycle-doctor-command"}
{"ts":"2026-06-06T23:40:53.307Z","event":"step.start","cycle_id":"0263","step":"spec","agent":"claudecode"}
{"ts":"2026-06-06T23:42:20.088Z","event":"step.completion_check","cycle_id":"0263","step":"spec","artifact":"/mnt/c/Users/butters/wrk/cycle/docs/cycle/0263-feature-cycle-doctor-on-demand-preflight-environ/SPEC.md","status":"pass"}
{"ts":"2026-06-06T23:42:20.090Z","event":"step.end","cycle_id":"0263","step":"spec","status":"ok","exit_code":0,"duration_ms":86783}
{"ts":"2026-06-06T23:42:20.092Z","event":"step.start","cycle_id":"0263","step":"research","agent":"claudecode"}
{"ts":"2026-06-06T23:44:44.954Z","event":"step.completion_check","cycle_id":"0263","step":"research","artifact":"/mnt/c/Users/butters/wrk/cycle/docs/cycle/0263-feature-cycle-doctor-on-demand-preflight-environ/RESEARCH.md","status":"pass"}
{"ts":"2026-06-06T23:44:44.958Z","event":"step.end","cycle_id":"0263","step":"research","status":"ok","exit_code":0,"duration_ms":144866}
{"ts":"2026-06-06T23:44:44.959Z","event":"step.start","cycle_id":"0263","step":"plan","agent":"claudecode"}
{"ts":"2026-06-06T23:47:08.511Z","event":"step.completion_check","cycle_id":"0263","step":"plan","artifact":"/mnt/c/Users/butters/wrk/cycle/docs/cycle/0263-feature-cycle-doctor-on-demand-preflight-environ/PLAN.md","status":"pass"}
{"ts":"2026-06-06T23:47:08.513Z","event":"step.end","cycle_id":"0263","step":"plan","status":"ok","exit_code":0,"duration_ms":143554}
{"ts":"2026-06-06T23:47:08.515Z","event":"step.start","cycle_id":"0263","step":"build","agent":"claudecode"}
{"ts":"2026-06-07T00:08:35.039Z","event":"step.completion_check","cycle_id":"0263","step":"build","artifact":"/mnt/c/Users/butters/wrk/cycle/docs/cycle/0263-feature-cycle-doctor-on-demand-preflight-environ/BUILD.md","status":"pass"}
{"ts":"2026-06-07T00:08:37.244Z","event":"step.end","cycle_id":"0263","step":"build","status":"ok","exit_code":0,"duration_ms":1288729}
{"ts":"2026-06-07T00:08:37.246Z","event":"step.start","cycle_id":"0263","step":"review","agent":"claudecode"}
{"ts":"2026-06-07T00:25:34.410Z","event":"step.completion_check","cycle_id":"0263","step":"review","artifact":"/mnt/c/Users/butters/wrk/cycle/docs/cycle/0263-feature-cycle-doctor-on-demand-preflight-environ/REVIEW.md","status":"pass"}
{"ts":"2026-06-07T00:25:34.412Z","event":"step.end","cycle_id":"0263","step":"review","status":"ok","exit_code":0,"duration_ms":1017166}
{"ts":"2026-06-07T00:25:34.415Z","event":"step.start","cycle_id":"0263","step":"fix","agent":"claudecode"}
{"ts":"2026-06-07T00:47:35.769Z","event":"step.completion_check","cycle_id":"0263","step":"fix","artifact":"/mnt/c/Users/butters/wrk/cycle/docs/cycle/0263-feature-cycle-doctor-on-demand-preflight-environ/FIX.md","status":"pass"}
{"ts":"2026-06-07T00:47:37.711Z","event":"step.end","cycle_id":"0263","step":"fix","status":"ok","exit_code":0,"duration_ms":1323298}
{"ts":"2026-06-07T00:47:37.713Z","event":"step.start","cycle_id":"0263","step":"verify","agent":"bash"}
{"ts":"2026-06-07T00:50:48.418Z","event":"step.end","cycle_id":"0263","step":"verify","status":"ok","exit_code":0,"duration_ms":190705}
{"ts":"2026-06-07T00:50:48.420Z","event":"step.start","cycle_id":"0263","step":"reflection","agent":"claudecode"}
{"ts":"2026-06-07T00:52:31.704Z","event":"reflection.deferred_issue_written","cycle_id":"0263","raw_id":"refl-0263-cycle-doctor-silently-passes-on-an-unkno","title":"cycle doctor silently passes on an unknown or empty --workflow name","bucket":"defer","priority":"medium"}
{"ts":"2026-06-07T00:52:31.715Z","event":"reflection.summary","cycle_id":"0263","count":1,"skipped":0,"fix_now":0,"cap_dropped":0,"dedup_skipped":0}
{"ts":"2026-06-07T00:52:31.717Z","event":"step.end","cycle_id":"0263","step":"reflection","status":"ok","exit_code":0,"duration_ms":103297}
{"ts":"2026-06-07T00:52:31.720Z","event":"step.end","cycle_id":"0263","step":"final_fix","status":"skipped","reason":"skip_unless_artifact_missing","artifact":"FINAL_FIXES.md","duration_ms":2}
{"ts":"2026-06-07T00:52:31.721Z","event":"step.start","cycle_id":"0263","step":"final_verify","agent":"bash"}
{"ts":"2026-06-07T00:56:01.661Z","event":"step.end","cycle_id":"0263","step":"final_verify","status":"ok","exit_code":0,"duration_ms":209940}
{"ts":"2026-06-07T00:56:01.663Z","event":"step.start","cycle_id":"0263","step":"documentation","agent":"claudecode"}
{"ts":"2026-06-07T00:57:39.686Z","event":"step.completion_check","cycle_id":"0263","step":"documentation","artifact":"/mnt/c/Users/butters/wrk/cycle/docs/cycle/0263-feature-cycle-doctor-on-demand-preflight-environ/DOCUMENTATION.md","status":"pass"}
{"ts":"2026-06-07T00:57:41.309Z","event":"documentation.paths_appended","cycle_id":"0263","appended":["docs/ENGINE.md","docs/runtime-environment.md"]}
{"ts":"2026-06-07T00:57:41.311Z","event":"step.end","cycle_id":"0263","step":"documentation","status":"ok","exit_code":0,"duration_ms":99648}
{"ts":"2026-06-07T00:57:41.313Z","event":"step.end","cycle_id":"0263","step":"walkthrough_capture","status":"skipped","reason":"walkthrough_hook_absent","duration_ms":0}
{"ts":"2026-06-07T00:57:41.315Z","event":"cycle.end","cycle_id":"0263","status":"ok"}
{"ts":"2026-06-07T00:57:41.375Z","event":"cycle.checkout","cycle_id":"0263","status":"skipped","base":"master","head_before":"master","reason":"trunk"}
{"ts":"2026-06-07T00:57:42.337Z","event":"cycle.base_pull","cycle_id":"0263","status":"ok","base":"master","sha_before":"e54b4808422f9bbafb3a9854e568fb2b34246b55","sha_after":"e54b4808422f9bbafb3a9854e568fb2b34246b55"}
